Windows PowerShell
Copyright (C) Microsoft Corporation. All rights reserved.

Install the latest PowerShell for new features and improvements! https://aka.ms/PSWindows

PS C:\Users\001YHS744> docker container run -it -p 9870:9870 -p 8088:8088 registry.gitlab.com/training-support/training-environments:hadoop-v1 bash
docker: Error response from daemon: driver failed programming external connectivity on endpoint sad_sinoussi (aebc3d7b13e2d01581ef1c29447e3a08a9991819a7596a429e8f214a98e4ac56): Bind for 0.0.0.0:9870 failed: port is already allocated.
PS C:\Users\001YHS744> docker container run -it -p 9870:9870 -p 8088:8088 registry.gitlab.com/training-support/training-environments:hadoop-v1 bash
/
 * Starting OpenBSD Secure Shell server sshd                                                                     [ OK ]
Waiting for hdfs to exit from safemode
Safe mode is OFF
Started
root@3ae65811f26b:/# vim txtFile.txt
root@3ae65811f26b:/# ls
bin   derby.log  etc   lib    media         mnt  proc  run   srv  tmp          usr
boot  dev        home  lib64  metastore_db  opt  root  sbin  sys  txtFile.txt  var
root@3ae65811f26b:/# vim csvFile.csv
root@3ae65811f26b:/# ls
bin   csvFile.csv  dev  home  lib64  metastore_db  opt   root  sbin  sys  txtFile.txt  var
boot  derby.log    etc  lib   media  mnt           proc  run   srv   tmp  usr
root@3ae65811f26b:/# hdfs dfs -mkdir /user/root/textData
root@3ae65811f26b:/# hdfs dfs -put ./txtFile.txt /user/root/textData
root@3ae65811f26b:/# ls
bin   csvFile.csv  dev  home  lib64  metastore_db  opt   root  sbin  sys  txtFile.txt  var
boot  derby.log    etc  lib   media  mnt           proc  run   srv   tmp  usr
root@3ae65811f26b:/# hdfs dfs -put ./csvFile.csv /user/root/textData
root@3ae65811f26b:/#  hdfs dfs -stat "type:%F permissions:%a %u:%g size:%b name:%n" /user/root/textData/txtFile.txt
type:regular file permissions:644 root:supergroup size:157 name:txtFile.txt
root@3ae65811f26b:/# hdfs dfs -stat "type:%F permissions:%a %u:%g size:%b name:%n" /user/root/textData/csvFile.csv
type:regular file permissions:644 root:supergroup size:527 name:csvFile.csv
root@3ae65811f26b:/# ls
bin   csvFile.csv  dev  home  lib64  metastore_db  opt   root  sbin  sys  txtFile.txt  var
boot  derby.log    etc  lib   media  mnt           proc  run   srv   tmp  usr
root@3ae65811f26b:/# ls /all
ls: cannot access '/all': No such file or directory
root@3ae65811f26b:/# ls
